interactions:
- request:
    body: null
    headers:
      Accept:
      - application/json;version=2
      Accept-Encoding:
      - gzip, deflate
      Connection:
      - keep-alive
      User-Agent:
      - apypie (https://github.com/Apipie/apypie)
    method: GET
    uri: https://foreman.example.org/api/status
  response:
    body:
      string: '{"result":"ok","status":200,"version":"2.1.3","api_version":2}'
    headers:
      Cache-Control:
      - max-age=0, private, must-revalidate
      Connection:
      - Keep-Alive
      Content-Security-Policy:
      - 'default-src ''self''; child-src ''self''; connect-src ''self'' ws: wss:;
        img-src ''self'' data:; script-src ''unsafe-eval'' ''unsafe-inline'' ''self'';
        style-src ''unsafe-inline'' ''self'''
      Content-Type:
      - application/json; charset=utf-8
      Foreman_api_version:
      - '2'
      Foreman_current_location:
      - ; ANY
      Foreman_current_organization:
      - ; ANY
      Foreman_version:
      - 2.1.3
      Keep-Alive:
      - timeout=15, max=100
      Strict-Transport-Security:
      - max-age=631139040; includeSubdomains
      Vary:
      - Accept-Encoding
      X-Content-Type-Options:
      - nosniff
      X-Download-Options:
      - noopen
      X-Frame-Options:
      - sameorigin
      X-Permitted-Cross-Domain-Policies:
      - none
      X-XSS-Protection:
      - 1; mode=block
      content-length:
      - '62'
    status:
      code: 200
      message: OK
- request:
    body: null
    headers:
      Accept:
      - application/json;version=2
      Accept-Encoding:
      - gzip, deflate
      Connection:
      - keep-alive
      User-Agent:
      - apypie (https://github.com/Apipie/apypie)
    method: GET
    uri: https://foreman.example.org/api/auth_source_ldaps?search=name%3D%22testing%22&per_page=4294967296
  response:
    body:
      string: "{\n  \"total\": 3,\n  \"subtotal\": 1,\n  \"page\": 1,\n  \"per_page\":
        4294967296,\n  \"search\": \"name=\\\"testing\\\"\",\n  \"sort\": {\n    \"by\":
        null,\n    \"order\": null\n  },\n  \"results\": [{\"host\":\"192.168.200.203\",\"port\":389,\"account\":\"cn=Manager,dc=corp,dc=atix,dc=de\",\"base_dn\":\"dc=corp,dc=atix,dc=de\",\"ldap_filter\":\"\",\"attr_login\":\"uid\",\"attr_firstname\":\"givenName\",\"attr_lastname\":\"sn\",\"attr_mail\":\"mail\",\"attr_photo\":\"\",\"onthefly_register\":true,\"usergroup_sync\":true,\"tls\":false,\"server_type\":\"posix\",\"groups_base\":\"ou=testingmembers,dc=corp,dc=atix,dc=de\",\"use_netgroups\":false,\"created_at\":\"2021-03-15
        13:11:46 UTC\",\"updated_at\":\"2021-03-15 13:24:49 UTC\",\"id\":6,\"type\":\"AuthSourceLdap\",\"name\":\"testing\",\"locations\":[{\"id\":2,\"name\":\"Minga\",\"title\":\"Minga\",\"description\":null},{\"id\":4,\"name\":\"Test
        Location\",\"title\":\"Test Location\",\"description\":null}],\"organizations\":[{\"id\":1,\"name\":\"Atix\",\"title\":\"Atix\",\"description\":null},{\"id\":3,\"name\":\"Test
        Organization\",\"title\":\"Test Organization\",\"description\":\"A test organization\"}]}]\n}\n"
    headers:
      Cache-Control:
      - max-age=0, private, must-revalidate
      Connection:
      - Keep-Alive
      Content-Security-Policy:
      - 'default-src ''self''; child-src ''self''; connect-src ''self'' ws: wss:;
        img-src ''self'' data:; script-src ''unsafe-eval'' ''unsafe-inline'' ''self'';
        style-src ''unsafe-inline'' ''self'''
      Content-Type:
      - application/json; charset=utf-8
      Foreman_api_version:
      - '2'
      Foreman_current_location:
      - ; ANY
      Foreman_current_organization:
      - ; ANY
      Foreman_version:
      - 2.1.3
      Keep-Alive:
      - timeout=15, max=99
      Strict-Transport-Security:
      - max-age=631139040; includeSubdomains
      Vary:
      - Accept-Encoding
      X-Content-Type-Options:
      - nosniff
      X-Download-Options:
      - noopen
      X-Frame-Options:
      - sameorigin
      X-Permitted-Cross-Domain-Policies:
      - none
      X-XSS-Protection:
      - 1; mode=block
      content-length:
      - '1018'
    status:
      code: 200
      message: OK
- request:
    body: null
    headers:
      Accept:
      - application/json;version=2
      Accept-Encoding:
      - gzip, deflate
      Connection:
      - keep-alive
      User-Agent:
      - apypie (https://github.com/Apipie/apypie)
    method: GET
    uri: https://foreman.example.org/api/auth_source_ldaps/6
  response:
    body:
      string: '{"host":"192.168.200.203","port":389,"account":"cn=Manager,dc=corp,dc=atix,dc=de","base_dn":"dc=corp,dc=atix,dc=de","ldap_filter":"","attr_login":"uid","attr_firstname":"givenName","attr_lastname":"sn","attr_mail":"mail","attr_photo":"","onthefly_register":true,"usergroup_sync":true,"tls":false,"server_type":"posix","groups_base":"ou=testingmembers,dc=corp,dc=atix,dc=de","use_netgroups":false,"created_at":"2021-03-15
        13:11:46 UTC","updated_at":"2021-03-15 13:24:49 UTC","id":6,"type":"AuthSourceLdap","name":"testing","external_usergroups":[{"id":2,"name":"admins"}],"locations":[{"id":2,"name":"Minga","title":"Minga","description":null},{"id":4,"name":"Test
        Location","title":"Test Location","description":null}],"organizations":[{"id":1,"name":"Atix","title":"Atix","description":null},{"id":3,"name":"Test
        Organization","title":"Test Organization","description":"A test organization"}]}'
    headers:
      Cache-Control:
      - max-age=0, private, must-revalidate
      Connection:
      - Keep-Alive
      Content-Security-Policy:
      - 'default-src ''self''; child-src ''self''; connect-src ''self'' ws: wss:;
        img-src ''self'' data:; script-src ''unsafe-eval'' ''unsafe-inline'' ''self'';
        style-src ''unsafe-inline'' ''self'''
      Content-Type:
      - application/json; charset=utf-8
      Foreman_api_version:
      - '2'
      Foreman_current_location:
      - ; ANY
      Foreman_current_organization:
      - ; ANY
      Foreman_version:
      - 2.1.3
      Keep-Alive:
      - timeout=15, max=98
      Strict-Transport-Security:
      - max-age=631139040; includeSubdomains
      Vary:
      - Accept-Encoding
      X-Content-Type-Options:
      - nosniff
      X-Download-Options:
      - noopen
      X-Frame-Options:
      - sameorigin
      X-Permitted-Cross-Domain-Policies:
      - none
      X-XSS-Protection:
      - 1; mode=block
      content-length:
      - '894'
    status:
      code: 200
      message: OK
- request:
    body: '{"auth_source_ldap": {"base_dn": "dc=corp,dc=atix,dc=de ", "account_password":
      "atix"}}'
    headers:
      Accept:
      - application/json;version=2
      Accept-Encoding:
      - gzip, deflate
      Connection:
      - keep-alive
      Content-Length:
      - '87'
      Content-Type:
      - application/json
      User-Agent:
      - apypie (https://github.com/Apipie/apypie)
    method: PUT
    uri: https://foreman.example.org/api/auth_source_ldaps/6
  response:
    body:
      string: '{"host":"192.168.200.203","port":389,"account":"cn=Manager,dc=corp,dc=atix,dc=de","base_dn":"dc=corp,dc=atix,dc=de","ldap_filter":"","attr_login":"uid","attr_firstname":"givenName","attr_lastname":"sn","attr_mail":"mail","attr_photo":"","onthefly_register":true,"usergroup_sync":true,"tls":false,"server_type":"posix","groups_base":"ou=testingmembers,dc=corp,dc=atix,dc=de","use_netgroups":false,"created_at":"2021-03-15
        13:11:46 UTC","updated_at":"2021-03-15 14:24:34 UTC","id":6,"type":"AuthSourceLdap","name":"testing","external_usergroups":[{"id":2,"name":"admins"}],"locations":[{"id":2,"name":"Minga","title":"Minga","description":null},{"id":4,"name":"Test
        Location","title":"Test Location","description":null}],"organizations":[{"id":1,"name":"Atix","title":"Atix","description":null},{"id":3,"name":"Test
        Organization","title":"Test Organization","description":"A test organization"}]}'
    headers:
      Cache-Control:
      - max-age=0, private, must-revalidate
      Connection:
      - Keep-Alive
      Content-Security-Policy:
      - 'default-src ''self''; child-src ''self''; connect-src ''self'' ws: wss:;
        img-src ''self'' data:; script-src ''unsafe-eval'' ''unsafe-inline'' ''self'';
        style-src ''unsafe-inline'' ''self'''
      Content-Type:
      - application/json; charset=utf-8
      Foreman_api_version:
      - '2'
      Foreman_current_location:
      - ; ANY
      Foreman_current_organization:
      - ; ANY
      Foreman_version:
      - 2.1.3
      Keep-Alive:
      - timeout=15, max=97
      Strict-Transport-Security:
      - max-age=631139040; includeSubdomains
      Vary:
      - Accept-Encoding
      X-Content-Type-Options:
      - nosniff
      X-Download-Options:
      - noopen
      X-Frame-Options:
      - sameorigin
      X-Permitted-Cross-Domain-Policies:
      - none
      X-XSS-Protection:
      - 1; mode=block
      content-length:
      - '894'
    status:
      code: 200
      message: OK
version: 1
